/raid/sindhuramrutha/sindhu_code_repo/mu-wave-desynchronization/notebooks/sweep_train.py:120: UserWarning: No PYTORCH_KERNEL_CACHE_PATH or HOME environment variable set! This disables kernel caching. (Triggered internally at /pytorch/aten/src/ATen/native/cuda/jit_utils.cpp:1471.)
  psi_L = torch.angle(z_L_now.mean(dim=1, keepdim=True))
[lr0.001_k0.5_osc50_vh32] Epoch 0001 | Train 0.020244 | Val 0.011394 | TF 1.0000 | best 0.011394@1
[lr0.001_k0.5_osc50_vh32] Epoch 0002 | Train 0.011095 | Val 0.009399 | TF 0.9964 | best 0.009399@2
[lr0.001_k0.5_osc50_vh32] Epoch 0003 | Train 0.009739 | Val 0.009157 | TF 0.9928 | best 0.009157@3
[lr0.001_k0.5_osc50_vh32] Epoch 0004 | Train 0.009166 | Val 0.008364 | TF 0.9892 | best 0.008364@4
[lr0.001_k0.5_osc50_vh32] Epoch 0005 | Train 0.008475 | Val 0.007392 | TF 0.9855 | best 0.007392@5
[lr0.001_k0.5_osc50_vh32] Epoch 0006 | Train 0.006575 | Val 0.004979 | TF 0.9819 | best 0.004979@6
[lr0.001_k0.5_osc50_vh32] Epoch 0007 | Train 0.004394 | Val 0.003500 | TF 0.9783 | best 0.003500@7
[lr0.001_k0.5_osc50_vh32] Epoch 0008 | Train 0.003179 | Val 0.002878 | TF 0.9747 | best 0.002878@8
[lr0.001_k0.5_osc50_vh32] Epoch 0009 | Train 0.002464 | Val 0.002205 | TF 0.9711 | best 0.002205@9
[lr0.001_k0.5_osc50_vh32] Epoch 0010 | Train 0.001907 | Val 0.001804 | TF 0.9675 | best 0.001804@10
[lr0.001_k0.5_osc50_vh32] Epoch 0011 | Train 0.001601 | Val 0.001817 | TF 0.9639 | best 0.001804@10
[lr0.001_k0.5_osc50_vh32] Epoch 0012 | Train 0.001424 | Val 0.001406 | TF 0.9602 | best 0.001406@12
[lr0.001_k0.5_osc50_vh32] Epoch 0013 | Train 0.001274 | Val 0.001624 | TF 0.9566 | best 0.001406@12
[lr0.001_k0.5_osc50_vh32] Epoch 0014 | Train 0.001135 | Val 0.001137 | TF 0.9530 | best 0.001137@14
[lr0.001_k0.5_osc50_vh32] Epoch 0015 | Train 0.001037 | Val 0.001184 | TF 0.9494 | best 0.001137@14
[lr0.001_k0.5_osc50_vh32] Epoch 0016 | Train 0.000982 | Val 0.001105 | TF 0.9458 | best 0.001105@16
[lr0.001_k0.5_osc50_vh32] Epoch 0017 | Train 0.000936 | Val 0.001124 | TF 0.9422 | best 0.001105@16
[lr0.001_k0.5_osc50_vh32] Epoch 0018 | Train 0.000916 | Val 0.000995 | TF 0.9386 | best 0.000995@18
[lr0.001_k0.5_osc50_vh32] Epoch 0019 | Train 0.000882 | Val 0.000950 | TF 0.9349 | best 0.000950@19
[lr0.001_k0.5_osc50_vh32] Epoch 0020 | Train 0.000816 | Val 0.000854 | TF 0.9313 | best 0.000854@20
[lr0.001_k0.5_osc50_vh32] Epoch 0021 | Train 0.000795 | Val 0.000915 | TF 0.9277 | best 0.000854@20
[lr0.001_k0.5_osc50_vh32] Epoch 0022 | Train 0.000768 | Val 0.000949 | TF 0.9241 | best 0.000854@20
[lr0.001_k0.5_osc50_vh32] Epoch 0023 | Train 0.000745 | Val 0.000817 | TF 0.9205 | best 0.000817@23
[lr0.001_k0.5_osc50_vh32] Epoch 0024 | Train 0.000767 | Val 0.000797 | TF 0.9169 | best 0.000797@24
[lr0.001_k0.5_osc50_vh32] Epoch 0025 | Train 0.000719 | Val 0.000809 | TF 0.9133 | best 0.000797@24
[lr0.001_k0.5_osc50_vh32] Epoch 0026 | Train 0.000684 | Val 0.000805 | TF 0.9096 | best 0.000797@24
[lr0.001_k0.5_osc50_vh32] Epoch 0027 | Train 0.000642 | Val 0.000791 | TF 0.9060 | best 0.000791@27
[lr0.001_k0.5_osc50_vh32] Epoch 0028 | Train 0.000605 | Val 0.000741 | TF 0.9024 | best 0.000741@28
[lr0.001_k0.5_osc50_vh32] Epoch 0029 | Train 0.000602 | Val 0.000697 | TF 0.8988 | best 0.000697@29
[lr0.001_k0.5_osc50_vh32] Epoch 0030 | Train 0.000567 | Val 0.000669 | TF 0.8952 | best 0.000669@30
[lr0.001_k0.5_osc50_vh32] Epoch 0031 | Train 0.000536 | Val 0.000719 | TF 0.8916 | best 0.000669@30
[lr0.001_k0.5_osc50_vh32] Epoch 0032 | Train 0.000505 | Val 0.000604 | TF 0.8880 | best 0.000604@32
[lr0.001_k0.5_osc50_vh32] Epoch 0033 | Train 0.000458 | Val 0.000544 | TF 0.8843 | best 0.000544@33
[lr0.001_k0.5_osc50_vh32] Epoch 0034 | Train 0.000407 | Val 0.000512 | TF 0.8807 | best 0.000512@34
[lr0.001_k0.5_osc50_vh32] Epoch 0035 | Train 0.000363 | Val 0.000556 | TF 0.8771 | best 0.000512@34
[lr0.001_k0.5_osc50_vh32] Epoch 0036 | Train 0.000317 | Val 0.000412 | TF 0.8735 | best 0.000412@36
[lr0.001_k0.5_osc50_vh32] Epoch 0037 | Train 0.000256 | Val 0.000342 | TF 0.8699 | best 0.000342@37
[lr0.001_k0.5_osc50_vh32] Epoch 0038 | Train 0.000221 | Val 0.000348 | TF 0.8663 | best 0.000342@37
[lr0.001_k0.5_osc50_vh32] Epoch 0039 | Train 0.000196 | Val 0.000350 | TF 0.8627 | best 0.000342@37
[lr0.001_k0.5_osc50_vh32] Epoch 0040 | Train 0.000184 | Val 0.000254 | TF 0.8590 | best 0.000254@40
[lr0.001_k0.5_osc50_vh32] Epoch 0041 | Train 0.000166 | Val 0.000273 | TF 0.8554 | best 0.000254@40
[lr0.001_k0.5_osc50_vh32] Epoch 0042 | Train 0.000156 | Val 0.000226 | TF 0.8518 | best 0.000226@42
[lr0.001_k0.5_osc50_vh32] Epoch 0043 | Train 0.000144 | Val 0.000208 | TF 0.8482 | best 0.000208@43
[lr0.001_k0.5_osc50_vh32] Epoch 0044 | Train 0.000134 | Val 0.000195 | TF 0.8446 | best 0.000195@44
[lr0.001_k0.5_osc50_vh32] Epoch 0045 | Train 0.000124 | Val 0.000187 | TF 0.8410 | best 0.000187@45
[lr0.001_k0.5_osc50_vh32] Epoch 0046 | Train 0.000119 | Val 0.000177 | TF 0.8373 | best 0.000177@46
[lr0.001_k0.5_osc50_vh32] Epoch 0047 | Train 0.000110 | Val 0.000167 | TF 0.8337 | best 0.000167@47
[lr0.001_k0.5_osc50_vh32] Epoch 0048 | Train 0.000104 | Val 0.000156 | TF 0.8301 | best 0.000156@48
[lr0.001_k0.5_osc50_vh32] Epoch 0049 | Train 0.000097 | Val 0.000169 | TF 0.8265 | best 0.000156@48
[lr0.001_k0.5_osc50_vh32] Epoch 0050 | Train 0.000094 | Val 0.000147 | TF 0.8229 | best 0.000147@50
[lr0.001_k0.5_osc50_vh32] Epoch 0051 | Train 0.000091 | Val 0.000160 | TF 0.8193 | best 0.000147@50
[lr0.001_k0.5_osc50_vh32] Epoch 0052 | Train 0.000087 | Val 0.000150 | TF 0.8157 | best 0.000147@50
[lr0.001_k0.5_osc50_vh32] Epoch 0053 | Train 0.000083 | Val 0.000125 | TF 0.8120 | best 0.000125@53
[lr0.001_k0.5_osc50_vh32] Epoch 0054 | Train 0.000080 | Val 0.000114 | TF 0.8084 | best 0.000114@54
[lr0.001_k0.5_osc50_vh32] Epoch 0055 | Train 0.000078 | Val 0.000124 | TF 0.8048 | best 0.000114@54
[lr0.001_k0.5_osc50_vh32] Epoch 0056 | Train 0.000073 | Val 0.000126 | TF 0.8012 | best 0.000114@54
[lr0.001_k0.5_osc50_vh32] Epoch 0057 | Train 0.000073 | Val 0.000110 | TF 0.7976 | best 0.000110@57
[lr0.001_k0.5_osc50_vh32] Epoch 0058 | Train 0.000069 | Val 0.000096 | TF 0.7940 | best 0.000096@58
[lr0.001_k0.5_osc50_vh32] Epoch 0059 | Train 0.000067 | Val 0.000095 | TF 0.7904 | best 0.000095@59
[lr0.001_k0.5_osc50_vh32] Epoch 0060 | Train 0.000065 | Val 0.000100 | TF 0.7867 | best 0.000095@59
[lr0.001_k0.5_osc50_vh32] Epoch 0061 | Train 0.000063 | Val 0.000096 | TF 0.7831 | best 0.000095@59
[lr0.001_k0.5_osc50_vh32] Epoch 0062 | Train 0.000061 | Val 0.000099 | TF 0.7795 | best 0.000095@59
[lr0.001_k0.5_osc50_vh32] Epoch 0063 | Train 0.000060 | Val 0.000098 | TF 0.7759 | best 0.000095@59
[lr0.001_k0.5_osc50_vh32] Epoch 0064 | Train 0.000059 | Val 0.000083 | TF 0.7723 | best 0.000083@64
[lr0.001_k0.5_osc50_vh32] Epoch 0065 | Train 0.000056 | Val 0.000087 | TF 0.7687 | best 0.000083@64
[lr0.001_k0.5_osc50_vh32] Epoch 0066 | Train 0.000055 | Val 0.000083 | TF 0.7651 | best 0.000083@66
[lr0.001_k0.5_osc50_vh32] Epoch 0067 | Train 0.000055 | Val 0.000074 | TF 0.7614 | best 0.000074@67
[lr0.001_k0.5_osc50_vh32] Epoch 0068 | Train 0.000054 | Val 0.000071 | TF 0.7578 | best 0.000071@68
[lr0.001_k0.5_osc50_vh32] Epoch 0069 | Train 0.000053 | Val 0.000080 | TF 0.7542 | best 0.000071@68
[lr0.001_k0.5_osc50_vh32] Epoch 0070 | Train 0.000051 | Val 0.000067 | TF 0.7506 | best 0.000067@70
[lr0.001_k0.5_osc50_vh32] Epoch 0071 | Train 0.000049 | Val 0.000082 | TF 0.7470 | best 0.000067@70
[lr0.001_k0.5_osc50_vh32] Epoch 0072 | Train 0.000049 | Val 0.000067 | TF 0.7434 | best 0.000067@70
[lr0.001_k0.5_osc50_vh32] Epoch 0073 | Train 0.000048 | Val 0.000064 | TF 0.7398 | best 0.000064@73
[lr0.001_k0.5_osc50_vh32] Epoch 0074 | Train 0.000046 | Val 0.000062 | TF 0.7361 | best 0.000062@74
[lr0.001_k0.5_osc50_vh32] Epoch 0075 | Train 0.000046 | Val 0.000064 | TF 0.7325 | best 0.000062@74
[lr0.001_k0.5_osc50_vh32] Epoch 0076 | Train 0.000046 | Val 0.000073 | TF 0.7289 | best 0.000062@74
[lr0.001_k0.5_osc50_vh32] Epoch 0077 | Train 0.000045 | Val 0.000062 | TF 0.7253 | best 0.000062@74
[lr0.001_k0.5_osc50_vh32] Epoch 0078 | Train 0.000044 | Val 0.000054 | TF 0.7217 | best 0.000054@78
[lr0.001_k0.5_osc50_vh32] Epoch 0079 | Train 0.000044 | Val 0.000055 | TF 0.7181 | best 0.000054@78
[lr0.001_k0.5_osc50_vh32] Epoch 0080 | Train 0.000042 | Val 0.000054 | TF 0.7145 | best 0.000054@80
[lr0.001_k0.5_osc50_vh32] Epoch 0081 | Train 0.000041 | Val 0.000053 | TF 0.7108 | best 0.000053@81
[lr0.001_k0.5_osc50_vh32] Epoch 0082 | Train 0.000040 | Val 0.000055 | TF 0.7072 | best 0.000053@81
[lr0.001_k0.5_osc50_vh32] Epoch 0083 | Train 0.000041 | Val 0.000053 | TF 0.7036 | best 0.000053@81
[lr0.001_k0.5_osc50_vh32] Epoch 0084 | Train 0.000040 | Val 0.000056 | TF 0.7000 | best 0.000053@81
[lr0.001_k0.5_osc50_vh32] Epoch 0085 | Train 0.000039 | Val 0.000055 | TF 0.6964 | best 0.000053@81
[lr0.001_k0.5_osc50_vh32] Epoch 0086 | Train 0.000038 | Val 0.000047 | TF 0.6928 | best 0.000047@86
[lr0.001_k0.5_osc50_vh32] Epoch 0087 | Train 0.000037 | Val 0.000045 | TF 0.6892 | best 0.000045@87
[lr0.001_k0.5_osc50_vh32] Epoch 0088 | Train 0.000036 | Val 0.000047 | TF 0.6855 | best 0.000045@87
[lr0.001_k0.5_osc50_vh32] Epoch 0089 | Train 0.000035 | Val 0.000051 | TF 0.6819 | best 0.000045@87
[lr0.001_k0.5_osc50_vh32] Epoch 0090 | Train 0.000036 | Val 0.000048 | TF 0.6783 | best 0.000045@87
[lr0.001_k0.5_osc50_vh32] Epoch 0091 | Train 0.000036 | Val 0.000049 | TF 0.6747 | best 0.000045@87
[lr0.001_k0.5_osc50_vh32] Epoch 0092 | Train 0.000034 | Val 0.000043 | TF 0.6711 | best 0.000043@92
[lr0.001_k0.5_osc50_vh32] Epoch 0093 | Train 0.000034 | Val 0.000046 | TF 0.6675 | best 0.000043@92
[lr0.001_k0.5_osc50_vh32] Epoch 0094 | Train 0.000035 | Val 0.000049 | TF 0.6639 | best 0.000043@92
[lr0.001_k0.5_osc50_vh32] Epoch 0095 | Train 0.000034 | Val 0.000044 | TF 0.6602 | best 0.000043@92
[lr0.001_k0.5_osc50_vh32] Epoch 0096 | Train 0.000033 | Val 0.000040 | TF 0.6566 | best 0.000040@96
[lr0.001_k0.5_osc50_vh32] Epoch 0097 | Train 0.000031 | Val 0.000041 | TF 0.6530 | best 0.000040@96
[lr0.001_k0.5_osc50_vh32] Epoch 0098 | Train 0.000030 | Val 0.000041 | TF 0.6494 | best 0.000040@96
[lr0.001_k0.5_osc50_vh32] Epoch 0099 | Train 0.000031 | Val 0.000045 | TF 0.6458 | best 0.000040@96
[lr0.001_k0.5_osc50_vh32] Epoch 0100 | Train 0.000031 | Val 0.000046 | TF 0.6422 | best 0.000040@96
[lr0.001_k0.5_osc50_vh32] Epoch 0101 | Train 0.000031 | Val 0.000042 | TF 0.6386 | best 0.000040@96
[lr0.001_k0.5_osc50_vh32] Epoch 0102 | Train 0.000032 | Val 0.000041 | TF 0.6349 | best 0.000040@96
[lr0.001_k0.5_osc50_vh32] Epoch 0103 | Train 0.000031 | Val 0.000039 | TF 0.6313 | best 0.000039@103
[lr0.001_k0.5_osc50_vh32] Epoch 0104 | Train 0.000030 | Val 0.000044 | TF 0.6277 | best 0.000039@103
[lr0.001_k0.5_osc50_vh32] Epoch 0105 | Train 0.000031 | Val 0.000042 | TF 0.6241 | best 0.000039@103
[lr0.001_k0.5_osc50_vh32] Epoch 0106 | Train 0.000031 | Val 0.000039 | TF 0.6205 | best 0.000039@103
[lr0.001_k0.5_osc50_vh32] Epoch 0107 | Train 0.000032 | Val 0.000040 | TF 0.6169 | best 0.000039@103
[lr0.001_k0.5_osc50_vh32] Epoch 0108 | Train 0.000033 | Val 0.000048 | TF 0.6133 | best 0.000039@103
[lr0.001_k0.5_osc50_vh32] Epoch 0109 | Train 0.000035 | Val 0.000048 | TF 0.6096 | best 0.000039@103
[lr0.001_k0.5_osc50_vh32] Epoch 0110 | Train 0.000044 | Val 0.000069 | TF 0.6060 | best 0.000039@103
[lr0.001_k0.5_osc50_vh32] Epoch 0111 | Train 0.000053 | Val 0.000090 | TF 0.6024 | best 0.000039@103
[lr0.001_k0.5_osc50_vh32] Epoch 0112 | Train 0.000069 | Val 0.000096 | TF 0.5988 | best 0.000039@103
[lr0.001_k0.5_osc50_vh32] Epoch 0113 | Train 0.000089 | Val 0.000148 | TF 0.5952 | best 0.000039@103
[lr0.001_k0.5_osc50_vh32] Epoch 0114 | Train 0.000127 | Val 0.000238 | TF 0.5916 | best 0.000039@103
[lr0.001_k0.5_osc50_vh32] Epoch 0115 | Train 0.000168 | Val 0.000288 | TF 0.5880 | best 0.000039@103
[lr0.001_k0.5_osc50_vh32] Epoch 0116 | Train 0.000198 | Val 0.000222 | TF 0.5843 | best 0.000039@103
[lr0.001_k0.5_osc50_vh32] Epoch 0117 | Train 0.000182 | Val 0.000207 | TF 0.5807 | best 0.000039@103
[lr0.001_k0.5_osc50_vh32] Epoch 0118 | Train 0.000174 | Val 0.000229 | TF 0.5771 | best 0.000039@103
[lr0.001_k0.5_osc50_vh32] Epoch 0119 | Train 0.000158 | Val 0.000197 | TF 0.5735 | best 0.000039@103
[lr0.001_k0.5_osc50_vh32] Epoch 0120 | Train 0.000124 | Val 0.000109 | TF 0.5699 | best 0.000039@103
[lr0.001_k0.5_osc50_vh32] Epoch 0121 | Train 0.000095 | Val 0.000107 | TF 0.5663 | best 0.000039@103
[lr0.001_k0.5_osc50_vh32] Epoch 0122 | Train 0.000071 | Val 0.000071 | TF 0.5627 | best 0.000039@103
[lr0.001_k0.5_osc50_vh32] Epoch 0123 | Train 0.000058 | Val 0.000055 | TF 0.5590 | best 0.000039@103
[lr0.001_k0.5_osc50_vh32] Epoch 0124 | Train 0.000045 | Val 0.000059 | TF 0.5554 | best 0.000039@103
[lr0.001_k0.5_osc50_vh32] Epoch 0125 | Train 0.000042 | Val 0.000053 | TF 0.5518 | best 0.000039@103
[lr0.001_k0.5_osc50_vh32] Epoch 0126 | Train 0.000037 | Val 0.000038 | TF 0.5482 | best 0.000038@126
[lr0.001_k0.5_osc50_vh32] Epoch 0127 | Train 0.000034 | Val 0.000042 | TF 0.5446 | best 0.000038@126
[lr0.001_k0.5_osc50_vh32] Epoch 0128 | Train 0.000033 | Val 0.000036 | TF 0.5410 | best 0.000036@128
[lr0.001_k0.5_osc50_vh32] Epoch 0129 | Train 0.000033 | Val 0.000033 | TF 0.5373 | best 0.000033@129
[lr0.001_k0.5_osc50_vh32] Epoch 0130 | Train 0.000033 | Val 0.000041 | TF 0.5337 | best 0.000033@129
[lr0.001_k0.5_osc50_vh32] Epoch 0131 | Train 0.000034 | Val 0.000044 | TF 0.5301 | best 0.000033@129
[lr0.001_k0.5_osc50_vh32] Epoch 0132 | Train 0.000034 | Val 0.000035 | TF 0.5265 | best 0.000033@129
[lr0.001_k0.5_osc50_vh32] Epoch 0133 | Train 0.000031 | Val 0.000037 | TF 0.5229 | best 0.000033@129
[lr0.001_k0.5_osc50_vh32] Epoch 0134 | Train 0.000033 | Val 0.000034 | TF 0.5193 | best 0.000033@129
[lr0.001_k0.5_osc50_vh32] Epoch 0135 | Train 0.000031 | Val 0.000047 | TF 0.5157 | best 0.000033@129
[lr0.001_k0.5_osc50_vh32] Epoch 0136 | Train 0.000031 | Val 0.000039 | TF 0.5120 | best 0.000033@129
[lr0.001_k0.5_osc50_vh32] Epoch 0137 | Train 0.000030 | Val 0.000032 | TF 0.5084 | best 0.000032@137
[lr0.001_k0.5_osc50_vh32] Epoch 0138 | Train 0.000028 | Val 0.000037 | TF 0.5048 | best 0.000032@137
[lr0.001_k0.5_osc50_vh32] Epoch 0139 | Train 0.000028 | Val 0.000032 | TF 0.5012 | best 0.000032@137
[lr0.001_k0.5_osc50_vh32] Epoch 0140 | Train 0.000029 | Val 0.000035 | TF 0.4976 | best 0.000032@137
[lr0.001_k0.5_osc50_vh32] Epoch 0141 | Train 0.000030 | Val 0.000035 | TF 0.4940 | best 0.000032@137
[lr0.001_k0.5_osc50_vh32] Epoch 0142 | Train 0.000032 | Val 0.000038 | TF 0.4904 | best 0.000032@137
[lr0.001_k0.5_osc50_vh32] Epoch 0143 | Train 0.000034 | Val 0.000050 | TF 0.4867 | best 0.000032@137
[lr0.001_k0.5_osc50_vh32] Epoch 0144 | Train 0.000036 | Val 0.000039 | TF 0.4831 | best 0.000032@137
[lr0.001_k0.5_osc50_vh32] Epoch 0145 | Train 0.000034 | Val 0.000040 | TF 0.4795 | best 0.000032@137
[lr0.001_k0.5_osc50_vh32] Epoch 0146 | Train 0.000037 | Val 0.000044 | TF 0.4759 | best 0.000032@137
[lr0.001_k0.5_osc50_vh32] Epoch 0147 | Train 0.000041 | Val 0.000046 | TF 0.4723 | best 0.000032@137
[lr0.001_k0.5_osc50_vh32] Epoch 0148 | Train 0.000042 | Val 0.000045 | TF 0.4687 | best 0.000032@137
[lr0.001_k0.5_osc50_vh32] Epoch 0149 | Train 0.000043 | Val 0.000055 | TF 0.4651 | best 0.000032@137
[lr0.001_k0.5_osc50_vh32] Epoch 0150 | Train 0.000043 | Val 0.000042 | TF 0.4614 | best 0.000032@137
[lr0.001_k0.5_osc50_vh32] Epoch 0151 | Train 0.000040 | Val 0.000048 | TF 0.4578 | best 0.000032@137
[lr0.001_k0.5_osc50_vh32] Epoch 0152 | Train 0.000040 | Val 0.000038 | TF 0.4542 | best 0.000032@137
[lr0.001_k0.5_osc50_vh32] Epoch 0153 | Train 0.000038 | Val 0.000046 | TF 0.4506 | best 0.000032@137
[lr0.001_k0.5_osc50_vh32] Epoch 0154 | Train 0.000043 | Val 0.000055 | TF 0.4470 | best 0.000032@137
[lr0.001_k0.5_osc50_vh32] Epoch 0155 | Train 0.000044 | Val 0.000044 | TF 0.4434 | best 0.000032@137
[lr0.001_k0.5_osc50_vh32] Epoch 0156 | Train 0.000043 | Val 0.000041 | TF 0.4398 | best 0.000032@137
[lr0.001_k0.5_osc50_vh32] Epoch 0157 | Train 0.000039 | Val 0.000043 | TF 0.4361 | best 0.000032@137
[lr0.001_k0.5_osc50_vh32] Epoch 0158 | Train 0.000037 | Val 0.000040 | TF 0.4325 | best 0.000032@137
[lr0.001_k0.5_osc50_vh32] Epoch 0159 | Train 0.000034 | Val 0.000040 | TF 0.4289 | best 0.000032@137
[lr0.001_k0.5_osc50_vh32] Epoch 0160 | Train 0.000032 | Val 0.000030 | TF 0.4253 | best 0.000030@160
[lr0.001_k0.5_osc50_vh32] Epoch 0161 | Train 0.000030 | Val 0.000037 | TF 0.4217 | best 0.000030@160
[lr0.001_k0.5_osc50_vh32] Epoch 0162 | Train 0.000031 | Val 0.000032 | TF 0.4181 | best 0.000030@160
[lr0.001_k0.5_osc50_vh32] Epoch 0163 | Train 0.000028 | Val 0.000029 | TF 0.4145 | best 0.000029@163
[lr0.001_k0.5_osc50_vh32] Epoch 0164 | Train 0.000025 | Val 0.000029 | TF 0.4108 | best 0.000029@163
[lr0.001_k0.5_osc50_vh32] Epoch 0165 | Train 0.000025 | Val 0.000024 | TF 0.4072 | best 0.000024@165
[lr0.001_k0.5_osc50_vh32] Epoch 0166 | Train 0.000024 | Val 0.000030 | TF 0.4036 | best 0.000024@165
[lr0.001_k0.5_osc50_vh32] Epoch 0167 | Train 0.000026 | Val 0.000027 | TF 0.4000 | best 0.000024@165
[lr0.001_k0.5_osc50_vh32] Epoch 0168 | Train 0.000026 | Val 0.000030 | TF 0.3964 | best 0.000024@165
[lr0.001_k0.5_osc50_vh32] Epoch 0169 | Train 0.000026 | Val 0.000032 | TF 0.3928 | best 0.000024@165
[lr0.001_k0.5_osc50_vh32] Epoch 0170 | Train 0.000028 | Val 0.000030 | TF 0.3892 | best 0.000024@165
[lr0.001_k0.5_osc50_vh32] Epoch 0171 | Train 0.000027 | Val 0.000033 | TF 0.3855 | best 0.000024@165
[lr0.001_k0.5_osc50_vh32] Epoch 0172 | Train 0.000027 | Val 0.000024 | TF 0.3819 | best 0.000024@172
[lr0.001_k0.5_osc50_vh32] Epoch 0173 | Train 0.000028 | Val 0.000035 | TF 0.3783 | best 0.000024@172
[lr0.001_k0.5_osc50_vh32] Epoch 0174 | Train 0.000027 | Val 0.000026 | TF 0.3747 | best 0.000024@172
[lr0.001_k0.5_osc50_vh32] Epoch 0175 | Train 0.000027 | Val 0.000026 | TF 0.3711 | best 0.000024@172
[lr0.001_k0.5_osc50_vh32] Epoch 0176 | Train 0.000026 | Val 0.000036 | TF 0.3675 | best 0.000024@172
[lr0.001_k0.5_osc50_vh32] Epoch 0177 | Train 0.000030 | Val 0.000033 | TF 0.3639 | best 0.000024@172
[lr0.001_k0.5_osc50_vh32] Epoch 0178 | Train 0.000029 | Val 0.000033 | TF 0.3602 | best 0.000024@172
[lr0.001_k0.5_osc50_vh32] Epoch 0179 | Train 0.000027 | Val 0.000031 | TF 0.3566 | best 0.000024@172
[lr0.001_k0.5_osc50_vh32] Epoch 0180 | Train 0.000030 | Val 0.000030 | TF 0.3530 | best 0.000024@172
[lr0.001_k0.5_osc50_vh32] Epoch 0181 | Train 0.000028 | Val 0.000037 | TF 0.3494 | best 0.000024@172
[lr0.001_k0.5_osc50_vh32] Epoch 0182 | Train 0.000032 | Val 0.000032 | TF 0.3458 | best 0.000024@172
[lr0.001_k0.5_osc50_vh32] Epoch 0183 | Train 0.000039 | Val 0.000064 | TF 0.3422 | best 0.000024@172
[lr0.001_k0.5_osc50_vh32] Epoch 0184 | Train 0.000040 | Val 0.000030 | TF 0.3386 | best 0.000024@172
[lr0.001_k0.5_osc50_vh32] Epoch 0185 | Train 0.000038 | Val 0.000057 | TF 0.3349 | best 0.000024@172
[lr0.001_k0.5_osc50_vh32] Epoch 0186 | Train 0.000042 | Val 0.000039 | TF 0.3313 | best 0.000024@172
[lr0.001_k0.5_osc50_vh32] Epoch 0187 | Train 0.000043 | Val 0.000050 | TF 0.3277 | best 0.000024@172
[lr0.001_k0.5_osc50_vh32] Epoch 0188 | Train 0.000043 | Val 0.000048 | TF 0.3241 | best 0.000024@172
[lr0.001_k0.5_osc50_vh32] Epoch 0189 | Train 0.000042 | Val 0.000043 | TF 0.3205 | best 0.000024@172
[lr0.001_k0.5_osc50_vh32] Epoch 0190 | Train 0.000045 | Val 0.000047 | TF 0.3169 | best 0.000024@172
[lr0.001_k0.5_osc50_vh32] Epoch 0191 | Train 0.000040 | Val 0.000049 | TF 0.3133 | best 0.000024@172
[lr0.001_k0.5_osc50_vh32] Epoch 0192 | Train 0.000051 | Val 0.000062 | TF 0.3096 | best 0.000024@172
[lr0.001_k0.5_osc50_vh32] Epoch 0193 | Train 0.000046 | Val 0.000051 | TF 0.3060 | best 0.000024@172
[lr0.001_k0.5_osc50_vh32] Epoch 0194 | Train 0.000046 | Val 0.000066 | TF 0.3024 | best 0.000024@172
[lr0.001_k0.5_osc50_vh32] Epoch 0195 | Train 0.000057 | Val 0.000067 | TF 0.2988 | best 0.000024@172
[lr0.001_k0.5_osc50_vh32] Epoch 0196 | Train 0.000050 | Val 0.000053 | TF 0.2952 | best 0.000024@172
[lr0.001_k0.5_osc50_vh32] Epoch 0197 | Train 0.000042 | Val 0.000052 | TF 0.2916 | best 0.000024@172
[lr0.001_k0.5_osc50_vh32] Epoch 0198 | Train 0.000051 | Val 0.000056 | TF 0.2880 | best 0.000024@172
[lr0.001_k0.5_osc50_vh32] Epoch 0199 | Train 0.000041 | Val 0.000037 | TF 0.2843 | best 0.000024@172
[lr0.001_k0.5_osc50_vh32] Epoch 0200 | Train 0.000031 | Val 0.000041 | TF 0.2807 | best 0.000024@172
[lr0.001_k0.5_osc50_vh32] Epoch 0201 | Train 0.000035 | Val 0.000048 | TF 0.2771 | best 0.000024@172
[lr0.001_k0.5_osc50_vh32] Epoch 0202 | Train 0.000037 | Val 0.000032 | TF 0.2735 | best 0.000024@172
[lr0.001_k0.5_osc50_vh32] Early stop at epoch 202 (no improvement in 30 epochs)
[lr0.001_k0.5_osc50_vh32] DONE best_val_loss=0.000024 @epoch 172 (5443.8s, 202 epochs)
