/raid/sindhuramrutha/sindhu_code_repo/mu-wave-desynchronization/notebooks/sweep_train.py:120: UserWarning: No PYTORCH_KERNEL_CACHE_PATH or HOME environment variable set! This disables kernel caching. (Triggered internally at /pytorch/aten/src/ATen/native/cuda/jit_utils.cpp:1471.)
  psi_L = torch.angle(z_L_now.mean(dim=1, keepdim=True))
[lr0.001_k1.5_osc25_vh32] Epoch 0001 | Train 0.084918 | Val 0.043627 | TF 1.0000 | best 0.043627@1
[lr0.001_k1.5_osc25_vh32] Epoch 0002 | Train 0.026569 | Val 0.015166 | TF 0.9964 | best 0.015166@2
[lr0.001_k1.5_osc25_vh32] Epoch 0003 | Train 0.012807 | Val 0.010671 | TF 0.9928 | best 0.010671@3
[lr0.001_k1.5_osc25_vh32] Epoch 0004 | Train 0.010402 | Val 0.009514 | TF 0.9892 | best 0.009514@4
[lr0.001_k1.5_osc25_vh32] Epoch 0005 | Train 0.009576 | Val 0.008904 | TF 0.9855 | best 0.008904@5
[lr0.001_k1.5_osc25_vh32] Epoch 0006 | Train 0.008854 | Val 0.008076 | TF 0.9819 | best 0.008076@6
[lr0.001_k1.5_osc25_vh32] Epoch 0007 | Train 0.007529 | Val 0.006686 | TF 0.9783 | best 0.006686@7
[lr0.001_k1.5_osc25_vh32] Epoch 0008 | Train 0.005989 | Val 0.005610 | TF 0.9747 | best 0.005610@8
[lr0.001_k1.5_osc25_vh32] Epoch 0009 | Train 0.004810 | Val 0.004521 | TF 0.9711 | best 0.004521@9
[lr0.001_k1.5_osc25_vh32] Epoch 0010 | Train 0.003977 | Val 0.003835 | TF 0.9675 | best 0.003835@10
[lr0.001_k1.5_osc25_vh32] Epoch 0011 | Train 0.003383 | Val 0.003402 | TF 0.9639 | best 0.003402@11
[lr0.001_k1.5_osc25_vh32] Epoch 0012 | Train 0.002961 | Val 0.002950 | TF 0.9602 | best 0.002950@12
[lr0.001_k1.5_osc25_vh32] Epoch 0013 | Train 0.002607 | Val 0.002554 | TF 0.9566 | best 0.002554@13
[lr0.001_k1.5_osc25_vh32] Epoch 0014 | Train 0.002405 | Val 0.002426 | TF 0.9530 | best 0.002426@14
[lr0.001_k1.5_osc25_vh32] Epoch 0015 | Train 0.002166 | Val 0.002336 | TF 0.9494 | best 0.002336@15
[lr0.001_k1.5_osc25_vh32] Epoch 0016 | Train 0.001958 | Val 0.001946 | TF 0.9458 | best 0.001946@16
[lr0.001_k1.5_osc25_vh32] Epoch 0017 | Train 0.001797 | Val 0.001789 | TF 0.9422 | best 0.001789@17
[lr0.001_k1.5_osc25_vh32] Epoch 0018 | Train 0.001655 | Val 0.001699 | TF 0.9386 | best 0.001699@18
[lr0.001_k1.5_osc25_vh32] Epoch 0019 | Train 0.001532 | Val 0.001658 | TF 0.9349 | best 0.001658@19
[lr0.001_k1.5_osc25_vh32] Epoch 0020 | Train 0.001440 | Val 0.001454 | TF 0.9313 | best 0.001454@20
[lr0.001_k1.5_osc25_vh32] Epoch 0021 | Train 0.001369 | Val 0.001436 | TF 0.9277 | best 0.001436@21
[lr0.001_k1.5_osc25_vh32] Epoch 0022 | Train 0.001267 | Val 0.001275 | TF 0.9241 | best 0.001275@22
[lr0.001_k1.5_osc25_vh32] Epoch 0023 | Train 0.001201 | Val 0.001374 | TF 0.9205 | best 0.001275@22
[lr0.001_k1.5_osc25_vh32] Epoch 0024 | Train 0.001141 | Val 0.001345 | TF 0.9169 | best 0.001275@22
[lr0.001_k1.5_osc25_vh32] Epoch 0025 | Train 0.001092 | Val 0.001098 | TF 0.9133 | best 0.001098@25
[lr0.001_k1.5_osc25_vh32] Epoch 0026 | Train 0.001010 | Val 0.001140 | TF 0.9096 | best 0.001098@25
[lr0.001_k1.5_osc25_vh32] Epoch 0027 | Train 0.000953 | Val 0.001004 | TF 0.9060 | best 0.001004@27
[lr0.001_k1.5_osc25_vh32] Epoch 0028 | Train 0.000908 | Val 0.001015 | TF 0.9024 | best 0.001004@27
[lr0.001_k1.5_osc25_vh32] Epoch 0029 | Train 0.000871 | Val 0.000985 | TF 0.8988 | best 0.000985@29
[lr0.001_k1.5_osc25_vh32] Epoch 0030 | Train 0.000814 | Val 0.000886 | TF 0.8952 | best 0.000886@30
[lr0.001_k1.5_osc25_vh32] Epoch 0031 | Train 0.000773 | Val 0.000851 | TF 0.8916 | best 0.000851@31
[lr0.001_k1.5_osc25_vh32] Epoch 0032 | Train 0.000722 | Val 0.000823 | TF 0.8880 | best 0.000823@32
[lr0.001_k1.5_osc25_vh32] Epoch 0033 | Train 0.000682 | Val 0.000774 | TF 0.8843 | best 0.000774@33
[lr0.001_k1.5_osc25_vh32] Epoch 0034 | Train 0.000650 | Val 0.000765 | TF 0.8807 | best 0.000765@34
[lr0.001_k1.5_osc25_vh32] Epoch 0035 | Train 0.000616 | Val 0.000695 | TF 0.8771 | best 0.000695@35
[lr0.001_k1.5_osc25_vh32] Epoch 0036 | Train 0.000559 | Val 0.000725 | TF 0.8735 | best 0.000695@35
[lr0.001_k1.5_osc25_vh32] Epoch 0037 | Train 0.000522 | Val 0.000718 | TF 0.8699 | best 0.000695@35
[lr0.001_k1.5_osc25_vh32] Epoch 0038 | Train 0.000486 | Val 0.000795 | TF 0.8663 | best 0.000695@35
[lr0.001_k1.5_osc25_vh32] Epoch 0039 | Train 0.000456 | Val 0.000686 | TF 0.8627 | best 0.000686@39
[lr0.001_k1.5_osc25_vh32] Epoch 0040 | Train 0.000426 | Val 0.000515 | TF 0.8590 | best 0.000515@40
[lr0.001_k1.5_osc25_vh32] Epoch 0041 | Train 0.000395 | Val 0.000639 | TF 0.8554 | best 0.000515@40
[lr0.001_k1.5_osc25_vh32] Epoch 0042 | Train 0.000401 | Val 0.000540 | TF 0.8518 | best 0.000515@40
[lr0.001_k1.5_osc25_vh32] Epoch 0043 | Train 0.000375 | Val 0.000438 | TF 0.8482 | best 0.000438@43
[lr0.001_k1.5_osc25_vh32] Epoch 0044 | Train 0.000362 | Val 0.000682 | TF 0.8446 | best 0.000438@43
[lr0.001_k1.5_osc25_vh32] Epoch 0045 | Train 0.000334 | Val 0.000389 | TF 0.8410 | best 0.000389@45
[lr0.001_k1.5_osc25_vh32] Epoch 0046 | Train 0.000305 | Val 0.000404 | TF 0.8373 | best 0.000389@45
[lr0.001_k1.5_osc25_vh32] Epoch 0047 | Train 0.000296 | Val 0.000410 | TF 0.8337 | best 0.000389@45
[lr0.001_k1.5_osc25_vh32] Epoch 0048 | Train 0.000280 | Val 0.000357 | TF 0.8301 | best 0.000357@48
[lr0.001_k1.5_osc25_vh32] Epoch 0049 | Train 0.000262 | Val 0.000363 | TF 0.8265 | best 0.000357@48
[lr0.001_k1.5_osc25_vh32] Epoch 0050 | Train 0.000251 | Val 0.000366 | TF 0.8229 | best 0.000357@48
[lr0.001_k1.5_osc25_vh32] Epoch 0051 | Train 0.000247 | Val 0.000360 | TF 0.8193 | best 0.000357@48
[lr0.001_k1.5_osc25_vh32] Epoch 0052 | Train 0.000239 | Val 0.000354 | TF 0.8157 | best 0.000354@52
[lr0.001_k1.5_osc25_vh32] Epoch 0053 | Train 0.000230 | Val 0.000302 | TF 0.8120 | best 0.000302@53
[lr0.001_k1.5_osc25_vh32] Epoch 0054 | Train 0.000216 | Val 0.000316 | TF 0.8084 | best 0.000302@53
[lr0.001_k1.5_osc25_vh32] Epoch 0055 | Train 0.000213 | Val 0.000282 | TF 0.8048 | best 0.000282@55
[lr0.001_k1.5_osc25_vh32] Epoch 0056 | Train 0.000206 | Val 0.000295 | TF 0.8012 | best 0.000282@55
[lr0.001_k1.5_osc25_vh32] Epoch 0057 | Train 0.000203 | Val 0.000280 | TF 0.7976 | best 0.000280@57
[lr0.001_k1.5_osc25_vh32] Epoch 0058 | Train 0.000208 | Val 0.000262 | TF 0.7940 | best 0.000262@58
[lr0.001_k1.5_osc25_vh32] Epoch 0059 | Train 0.000193 | Val 0.000229 | TF 0.7904 | best 0.000229@59
[lr0.001_k1.5_osc25_vh32] Epoch 0060 | Train 0.000185 | Val 0.000248 | TF 0.7867 | best 0.000229@59
[lr0.001_k1.5_osc25_vh32] Epoch 0061 | Train 0.000181 | Val 0.000262 | TF 0.7831 | best 0.000229@59
[lr0.001_k1.5_osc25_vh32] Epoch 0062 | Train 0.000177 | Val 0.000249 | TF 0.7795 | best 0.000229@59
[lr0.001_k1.5_osc25_vh32] Epoch 0063 | Train 0.000165 | Val 0.000226 | TF 0.7759 | best 0.000226@63
[lr0.001_k1.5_osc25_vh32] Epoch 0064 | Train 0.000163 | Val 0.000221 | TF 0.7723 | best 0.000221@64
[lr0.001_k1.5_osc25_vh32] Epoch 0065 | Train 0.000161 | Val 0.000206 | TF 0.7687 | best 0.000206@65
[lr0.001_k1.5_osc25_vh32] Epoch 0066 | Train 0.000159 | Val 0.000203 | TF 0.7651 | best 0.000203@66
[lr0.001_k1.5_osc25_vh32] Epoch 0067 | Train 0.000153 | Val 0.000189 | TF 0.7614 | best 0.000189@67
[lr0.001_k1.5_osc25_vh32] Epoch 0068 | Train 0.000153 | Val 0.000216 | TF 0.7578 | best 0.000189@67
[lr0.001_k1.5_osc25_vh32] Epoch 0069 | Train 0.000143 | Val 0.000200 | TF 0.7542 | best 0.000189@67
[lr0.001_k1.5_osc25_vh32] Epoch 0070 | Train 0.000138 | Val 0.000196 | TF 0.7506 | best 0.000189@67
[lr0.001_k1.5_osc25_vh32] Epoch 0071 | Train 0.000137 | Val 0.000194 | TF 0.7470 | best 0.000189@67
[lr0.001_k1.5_osc25_vh32] Epoch 0072 | Train 0.000134 | Val 0.000185 | TF 0.7434 | best 0.000185@72
[lr0.001_k1.5_osc25_vh32] Epoch 0073 | Train 0.000133 | Val 0.000170 | TF 0.7398 | best 0.000170@73
[lr0.001_k1.5_osc25_vh32] Epoch 0074 | Train 0.000127 | Val 0.000174 | TF 0.7361 | best 0.000170@73
[lr0.001_k1.5_osc25_vh32] Epoch 0075 | Train 0.000127 | Val 0.000153 | TF 0.7325 | best 0.000153@75
[lr0.001_k1.5_osc25_vh32] Epoch 0076 | Train 0.000125 | Val 0.000181 | TF 0.7289 | best 0.000153@75
[lr0.001_k1.5_osc25_vh32] Epoch 0077 | Train 0.000122 | Val 0.000146 | TF 0.7253 | best 0.000146@77
[lr0.001_k1.5_osc25_vh32] Epoch 0078 | Train 0.000116 | Val 0.000169 | TF 0.7217 | best 0.000146@77
[lr0.001_k1.5_osc25_vh32] Epoch 0079 | Train 0.000119 | Val 0.000161 | TF 0.7181 | best 0.000146@77
[lr0.001_k1.5_osc25_vh32] Epoch 0080 | Train 0.000113 | Val 0.000132 | TF 0.7145 | best 0.000132@80
[lr0.001_k1.5_osc25_vh32] Epoch 0081 | Train 0.000112 | Val 0.000165 | TF 0.7108 | best 0.000132@80
[lr0.001_k1.5_osc25_vh32] Epoch 0082 | Train 0.000110 | Val 0.000166 | TF 0.7072 | best 0.000132@80
[lr0.001_k1.5_osc25_vh32] Epoch 0083 | Train 0.000107 | Val 0.000143 | TF 0.7036 | best 0.000132@80
[lr0.001_k1.5_osc25_vh32] Epoch 0084 | Train 0.000106 | Val 0.000159 | TF 0.7000 | best 0.000132@80
[lr0.001_k1.5_osc25_vh32] Epoch 0085 | Train 0.000105 | Val 0.000125 | TF 0.6964 | best 0.000125@85
[lr0.001_k1.5_osc25_vh32] Epoch 0086 | Train 0.000100 | Val 0.000134 | TF 0.6928 | best 0.000125@85
[lr0.001_k1.5_osc25_vh32] Epoch 0087 | Train 0.000100 | Val 0.000125 | TF 0.6892 | best 0.000125@87
[lr0.001_k1.5_osc25_vh32] Epoch 0088 | Train 0.000097 | Val 0.000141 | TF 0.6855 | best 0.000125@87
[lr0.001_k1.5_osc25_vh32] Epoch 0089 | Train 0.000097 | Val 0.000113 | TF 0.6819 | best 0.000113@89
[lr0.001_k1.5_osc25_vh32] Epoch 0090 | Train 0.000098 | Val 0.000134 | TF 0.6783 | best 0.000113@89
[lr0.001_k1.5_osc25_vh32] Epoch 0091 | Train 0.000096 | Val 0.000110 | TF 0.6747 | best 0.000110@91
[lr0.001_k1.5_osc25_vh32] Epoch 0092 | Train 0.000096 | Val 0.000118 | TF 0.6711 | best 0.000110@91
[lr0.001_k1.5_osc25_vh32] Epoch 0093 | Train 0.000095 | Val 0.000108 | TF 0.6675 | best 0.000108@93
[lr0.001_k1.5_osc25_vh32] Epoch 0094 | Train 0.000092 | Val 0.000122 | TF 0.6639 | best 0.000108@93
[lr0.001_k1.5_osc25_vh32] Epoch 0095 | Train 0.000091 | Val 0.000101 | TF 0.6602 | best 0.000101@95
[lr0.001_k1.5_osc25_vh32] Epoch 0096 | Train 0.000087 | Val 0.000107 | TF 0.6566 | best 0.000101@95
[lr0.001_k1.5_osc25_vh32] Epoch 0097 | Train 0.000085 | Val 0.000118 | TF 0.6530 | best 0.000101@95
[lr0.001_k1.5_osc25_vh32] Epoch 0098 | Train 0.000084 | Val 0.000097 | TF 0.6494 | best 0.000097@98
[lr0.001_k1.5_osc25_vh32] Epoch 0099 | Train 0.000086 | Val 0.000106 | TF 0.6458 | best 0.000097@98
[lr0.001_k1.5_osc25_vh32] Epoch 0100 | Train 0.000083 | Val 0.000100 | TF 0.6422 | best 0.000097@98
[lr0.001_k1.5_osc25_vh32] Epoch 0101 | Train 0.000081 | Val 0.000100 | TF 0.6386 | best 0.000097@98
[lr0.001_k1.5_osc25_vh32] Epoch 0102 | Train 0.000080 | Val 0.000102 | TF 0.6349 | best 0.000097@98
[lr0.001_k1.5_osc25_vh32] Epoch 0103 | Train 0.000081 | Val 0.000103 | TF 0.6313 | best 0.000097@98
[lr0.001_k1.5_osc25_vh32] Epoch 0104 | Train 0.000085 | Val 0.000102 | TF 0.6277 | best 0.000097@98
[lr0.001_k1.5_osc25_vh32] Epoch 0105 | Train 0.000079 | Val 0.000108 | TF 0.6241 | best 0.000097@98
[lr0.001_k1.5_osc25_vh32] Epoch 0106 | Train 0.000076 | Val 0.000093 | TF 0.6205 | best 0.000093@106
[lr0.001_k1.5_osc25_vh32] Epoch 0107 | Train 0.000074 | Val 0.000090 | TF 0.6169 | best 0.000090@107
[lr0.001_k1.5_osc25_vh32] Epoch 0108 | Train 0.000072 | Val 0.000098 | TF 0.6133 | best 0.000090@107
[lr0.001_k1.5_osc25_vh32] Epoch 0109 | Train 0.000071 | Val 0.000084 | TF 0.6096 | best 0.000084@109
[lr0.001_k1.5_osc25_vh32] Epoch 0110 | Train 0.000071 | Val 0.000081 | TF 0.6060 | best 0.000081@110
[lr0.001_k1.5_osc25_vh32] Epoch 0111 | Train 0.000072 | Val 0.000098 | TF 0.6024 | best 0.000081@110
[lr0.001_k1.5_osc25_vh32] Epoch 0112 | Train 0.000069 | Val 0.000089 | TF 0.5988 | best 0.000081@110
[lr0.001_k1.5_osc25_vh32] Epoch 0113 | Train 0.000067 | Val 0.000080 | TF 0.5952 | best 0.000080@113
[lr0.001_k1.5_osc25_vh32] Epoch 0114 | Train 0.000067 | Val 0.000084 | TF 0.5916 | best 0.000080@113
[lr0.001_k1.5_osc25_vh32] Epoch 0115 | Train 0.000067 | Val 0.000077 | TF 0.5880 | best 0.000077@115
[lr0.001_k1.5_osc25_vh32] Epoch 0116 | Train 0.000069 | Val 0.000082 | TF 0.5843 | best 0.000077@115
[lr0.001_k1.5_osc25_vh32] Epoch 0117 | Train 0.000069 | Val 0.000089 | TF 0.5807 | best 0.000077@115
[lr0.001_k1.5_osc25_vh32] Epoch 0118 | Train 0.000068 | Val 0.000080 | TF 0.5771 | best 0.000077@115
[lr0.001_k1.5_osc25_vh32] Epoch 0119 | Train 0.000076 | Val 0.000113 | TF 0.5735 | best 0.000077@115
[lr0.001_k1.5_osc25_vh32] Epoch 0120 | Train 0.000073 | Val 0.000086 | TF 0.5699 | best 0.000077@115
[lr0.001_k1.5_osc25_vh32] Epoch 0121 | Train 0.000073 | Val 0.000104 | TF 0.5663 | best 0.000077@115
[lr0.001_k1.5_osc25_vh32] Epoch 0122 | Train 0.000071 | Val 0.000086 | TF 0.5627 | best 0.000077@115
[lr0.001_k1.5_osc25_vh32] Epoch 0123 | Train 0.000072 | Val 0.000084 | TF 0.5590 | best 0.000077@115
[lr0.001_k1.5_osc25_vh32] Epoch 0124 | Train 0.000075 | Val 0.000112 | TF 0.5554 | best 0.000077@115
[lr0.001_k1.5_osc25_vh32] Epoch 0125 | Train 0.000075 | Val 0.000072 | TF 0.5518 | best 0.000072@125
[lr0.001_k1.5_osc25_vh32] Epoch 0126 | Train 0.000073 | Val 0.000081 | TF 0.5482 | best 0.000072@125
[lr0.001_k1.5_osc25_vh32] Epoch 0127 | Train 0.000072 | Val 0.000107 | TF 0.5446 | best 0.000072@125
[lr0.001_k1.5_osc25_vh32] Epoch 0128 | Train 0.000080 | Val 0.000080 | TF 0.5410 | best 0.000072@125
[lr0.001_k1.5_osc25_vh32] Epoch 0129 | Train 0.000089 | Val 0.000094 | TF 0.5373 | best 0.000072@125
[lr0.001_k1.5_osc25_vh32] Epoch 0130 | Train 0.000089 | Val 0.000077 | TF 0.5337 | best 0.000072@125
[lr0.001_k1.5_osc25_vh32] Epoch 0131 | Train 0.000089 | Val 0.000127 | TF 0.5301 | best 0.000072@125
[lr0.001_k1.5_osc25_vh32] Epoch 0132 | Train 0.000087 | Val 0.000107 | TF 0.5265 | best 0.000072@125
[lr0.001_k1.5_osc25_vh32] Epoch 0133 | Train 0.000077 | Val 0.000100 | TF 0.5229 | best 0.000072@125
[lr0.001_k1.5_osc25_vh32] Epoch 0134 | Train 0.000069 | Val 0.000063 | TF 0.5193 | best 0.000063@134
[lr0.001_k1.5_osc25_vh32] Epoch 0135 | Train 0.000058 | Val 0.000065 | TF 0.5157 | best 0.000063@134
[lr0.001_k1.5_osc25_vh32] Epoch 0136 | Train 0.000056 | Val 0.000066 | TF 0.5120 | best 0.000063@134
[lr0.001_k1.5_osc25_vh32] Epoch 0137 | Train 0.000055 | Val 0.000076 | TF 0.5084 | best 0.000063@134
[lr0.001_k1.5_osc25_vh32] Epoch 0138 | Train 0.000057 | Val 0.000069 | TF 0.5048 | best 0.000063@134
[lr0.001_k1.5_osc25_vh32] Epoch 0139 | Train 0.000058 | Val 0.000063 | TF 0.5012 | best 0.000063@134
[lr0.001_k1.5_osc25_vh32] Epoch 0140 | Train 0.000057 | Val 0.000061 | TF 0.4976 | best 0.000061@140
[lr0.001_k1.5_osc25_vh32] Epoch 0141 | Train 0.000054 | Val 0.000059 | TF 0.4940 | best 0.000059@141
[lr0.001_k1.5_osc25_vh32] Epoch 0142 | Train 0.000051 | Val 0.000061 | TF 0.4904 | best 0.000059@141
[lr0.001_k1.5_osc25_vh32] Epoch 0143 | Train 0.000050 | Val 0.000064 | TF 0.4867 | best 0.000059@141
[lr0.001_k1.5_osc25_vh32] Epoch 0144 | Train 0.000050 | Val 0.000063 | TF 0.4831 | best 0.000059@141
[lr0.001_k1.5_osc25_vh32] Epoch 0145 | Train 0.000051 | Val 0.000057 | TF 0.4795 | best 0.000057@145
[lr0.001_k1.5_osc25_vh32] Epoch 0146 | Train 0.000052 | Val 0.000058 | TF 0.4759 | best 0.000057@145
[lr0.001_k1.5_osc25_vh32] Epoch 0147 | Train 0.000051 | Val 0.000064 | TF 0.4723 | best 0.000057@145
[lr0.001_k1.5_osc25_vh32] Epoch 0148 | Train 0.000051 | Val 0.000065 | TF 0.4687 | best 0.000057@145
[lr0.001_k1.5_osc25_vh32] Epoch 0149 | Train 0.000051 | Val 0.000056 | TF 0.4651 | best 0.000056@149
[lr0.001_k1.5_osc25_vh32] Epoch 0150 | Train 0.000048 | Val 0.000053 | TF 0.4614 | best 0.000053@150
[lr0.001_k1.5_osc25_vh32] Epoch 0151 | Train 0.000048 | Val 0.000057 | TF 0.4578 | best 0.000053@150
[lr0.001_k1.5_osc25_vh32] Epoch 0152 | Train 0.000050 | Val 0.000052 | TF 0.4542 | best 0.000052@152
[lr0.001_k1.5_osc25_vh32] Epoch 0153 | Train 0.000046 | Val 0.000051 | TF 0.4506 | best 0.000051@153
[lr0.001_k1.5_osc25_vh32] Epoch 0154 | Train 0.000046 | Val 0.000050 | TF 0.4470 | best 0.000050@154
[lr0.001_k1.5_osc25_vh32] Epoch 0155 | Train 0.000045 | Val 0.000061 | TF 0.4434 | best 0.000050@154
[lr0.001_k1.5_osc25_vh32] Epoch 0156 | Train 0.000046 | Val 0.000050 | TF 0.4398 | best 0.000050@154
[lr0.001_k1.5_osc25_vh32] Epoch 0157 | Train 0.000049 | Val 0.000050 | TF 0.4361 | best 0.000050@154
[lr0.001_k1.5_osc25_vh32] Epoch 0158 | Train 0.000049 | Val 0.000058 | TF 0.4325 | best 0.000050@154
[lr0.001_k1.5_osc25_vh32] Epoch 0159 | Train 0.000050 | Val 0.000068 | TF 0.4289 | best 0.000050@154
[lr0.001_k1.5_osc25_vh32] Epoch 0160 | Train 0.000051 | Val 0.000051 | TF 0.4253 | best 0.000050@154
[lr0.001_k1.5_osc25_vh32] Epoch 0161 | Train 0.000050 | Val 0.000065 | TF 0.4217 | best 0.000050@154
[lr0.001_k1.5_osc25_vh32] Epoch 0162 | Train 0.000049 | Val 0.000054 | TF 0.4181 | best 0.000050@154
[lr0.001_k1.5_osc25_vh32] Epoch 0163 | Train 0.000048 | Val 0.000056 | TF 0.4145 | best 0.000050@154
[lr0.001_k1.5_osc25_vh32] Epoch 0164 | Train 0.000046 | Val 0.000049 | TF 0.4108 | best 0.000049@164
[lr0.001_k1.5_osc25_vh32] Epoch 0165 | Train 0.000045 | Val 0.000050 | TF 0.4072 | best 0.000049@164
[lr0.001_k1.5_osc25_vh32] Epoch 0166 | Train 0.000048 | Val 0.000060 | TF 0.4036 | best 0.000049@164
[lr0.001_k1.5_osc25_vh32] Epoch 0167 | Train 0.000047 | Val 0.000054 | TF 0.4000 | best 0.000049@164
[lr0.001_k1.5_osc25_vh32] Epoch 0168 | Train 0.000053 | Val 0.000060 | TF 0.3964 | best 0.000049@164
[lr0.001_k1.5_osc25_vh32] Epoch 0169 | Train 0.000050 | Val 0.000047 | TF 0.3928 | best 0.000047@169
[lr0.001_k1.5_osc25_vh32] Epoch 0170 | Train 0.000048 | Val 0.000056 | TF 0.3892 | best 0.000047@169
[lr0.001_k1.5_osc25_vh32] Epoch 0171 | Train 0.000048 | Val 0.000069 | TF 0.3855 | best 0.000047@169
[lr0.001_k1.5_osc25_vh32] Epoch 0172 | Train 0.000052 | Val 0.000058 | TF 0.3819 | best 0.000047@169
[lr0.001_k1.5_osc25_vh32] Epoch 0173 | Train 0.000060 | Val 0.000066 | TF 0.3783 | best 0.000047@169
[lr0.001_k1.5_osc25_vh32] Epoch 0174 | Train 0.000053 | Val 0.000080 | TF 0.3747 | best 0.000047@169
[lr0.001_k1.5_osc25_vh32] Epoch 0175 | Train 0.000068 | Val 0.000081 | TF 0.3711 | best 0.000047@169
[lr0.001_k1.5_osc25_vh32] Epoch 0176 | Train 0.000090 | Val 0.000130 | TF 0.3675 | best 0.000047@169
[lr0.001_k1.5_osc25_vh32] Epoch 0177 | Train 0.000087 | Val 0.000082 | TF 0.3639 | best 0.000047@169
[lr0.001_k1.5_osc25_vh32] Epoch 0178 | Train 0.000093 | Val 0.000102 | TF 0.3602 | best 0.000047@169
[lr0.001_k1.5_osc25_vh32] Epoch 0179 | Train 0.000116 | Val 0.000135 | TF 0.3566 | best 0.000047@169
[lr0.001_k1.5_osc25_vh32] Epoch 0180 | Train 0.000107 | Val 0.000128 | TF 0.3530 | best 0.000047@169
[lr0.001_k1.5_osc25_vh32] Epoch 0181 | Train 0.000125 | Val 0.000132 | TF 0.3494 | best 0.000047@169
[lr0.001_k1.5_osc25_vh32] Epoch 0182 | Train 0.000115 | Val 0.000119 | TF 0.3458 | best 0.000047@169
[lr0.001_k1.5_osc25_vh32] Epoch 0183 | Train 0.000108 | Val 0.000112 | TF 0.3422 | best 0.000047@169
[lr0.001_k1.5_osc25_vh32] Epoch 0184 | Train 0.000092 | Val 0.000101 | TF 0.3386 | best 0.000047@169
[lr0.001_k1.5_osc25_vh32] Epoch 0185 | Train 0.000092 | Val 0.000070 | TF 0.3349 | best 0.000047@169
[lr0.001_k1.5_osc25_vh32] Epoch 0186 | Train 0.000081 | Val 0.000078 | TF 0.3313 | best 0.000047@169
[lr0.001_k1.5_osc25_vh32] Epoch 0187 | Train 0.000088 | Val 0.000112 | TF 0.3277 | best 0.000047@169
[lr0.001_k1.5_osc25_vh32] Epoch 0188 | Train 0.000097 | Val 0.000126 | TF 0.3241 | best 0.000047@169
[lr0.001_k1.5_osc25_vh32] Epoch 0189 | Train 0.000131 | Val 0.000172 | TF 0.3205 | best 0.000047@169
[lr0.001_k1.5_osc25_vh32] Epoch 0190 | Train 0.000156 | Val 0.000199 | TF 0.3169 | best 0.000047@169
[lr0.001_k1.5_osc25_vh32] Epoch 0191 | Train 0.000171 | Val 0.000178 | TF 0.3133 | best 0.000047@169
[lr0.001_k1.5_osc25_vh32] Epoch 0192 | Train 0.000173 | Val 0.000152 | TF 0.3096 | best 0.000047@169
[lr0.001_k1.5_osc25_vh32] Epoch 0193 | Train 0.000144 | Val 0.000157 | TF 0.3060 | best 0.000047@169
[lr0.001_k1.5_osc25_vh32] Epoch 0194 | Train 0.000113 | Val 0.000120 | TF 0.3024 | best 0.000047@169
[lr0.001_k1.5_osc25_vh32] Epoch 0195 | Train 0.000093 | Val 0.000107 | TF 0.2988 | best 0.000047@169
[lr0.001_k1.5_osc25_vh32] Epoch 0196 | Train 0.000076 | Val 0.000064 | TF 0.2952 | best 0.000047@169
[lr0.001_k1.5_osc25_vh32] Epoch 0197 | Train 0.000060 | Val 0.000056 | TF 0.2916 | best 0.000047@169
[lr0.001_k1.5_osc25_vh32] Epoch 0198 | Train 0.000054 | Val 0.000057 | TF 0.2880 | best 0.000047@169
[lr0.001_k1.5_osc25_vh32] Epoch 0199 | Train 0.000050 | Val 0.000053 | TF 0.2843 | best 0.000047@169
[lr0.001_k1.5_osc25_vh32] Early stop at epoch 199 (no improvement in 30 epochs)
[lr0.001_k1.5_osc25_vh32] DONE best_val_loss=0.000047 @epoch 169 (5305.9s, 199 epochs)
